<table>
  <tr><th></th><th>X</th><th>Y</th><th>Z</th></tr>
  <tr><td>1</td><td>9296</td><td>8901</td><td>3163</td></tr>
  <tr><td>2</td><td>1307</td><td>1839</td><td>397</td></tr>
  <tr><td>3</td><td>2045</td><td>8264</td><td>5677</td></tr>
  <tr><td>4</td><td>5320</td><td>5955</td><td>9563</td></tr>
</table>
