<table>
  <tr><th></th><th>X</th><th>Y</th><th>Z</th></tr>
  <tr><td>1</td><td>5388</td><td>5816</td><td>4785</td></tr>
  <tr><td>2</td><td>9412</td><td>2951</td><td>1173</td></tr>
  <tr><td>3</td><td>3360</td><td>8026</td><td>6678</td></tr>
  <tr><td>4</td><td>5697</td><td>6500</td><td>3465</td></tr>
</table>
