Append=Hello World
Cut=Hello
Count=2
Replace=x x
Bool=TRUE
Digit=15
AnsiContainsStr=TRUE
AnsiContainsText=TRUE
AnsiStartsStr=TRUE
AnsiStartsText=TRUE
AnsiEndsStr=TRUE
AnsiEndsText=TRUE
ContainsStr=FALSE
ContainsText=TRUE
StartsStr=TRUE
StartsText=TRUE
EndsStr=TRUE
EndsText=TRUE
Dupe=ababab
AnsiReplaceStr=Bar foo
AnsiReplaceText=Bar Bar
