hello_i386.s: Assembler messages:
hello_i386.s:245: Error: bad register name `%rdi)'
hello_i386.s:246: Error: bad register name `%r11)'
hello_i386.s:247: Error: `addq' is only supported in 64-bit mode
hello_i386.s:251: Error: `subq' is only supported in 64-bit mode
hello_i386.s:257: Error: bad register name `%rdi)'
hello_i386.s:258: Error: bad register name `%r11)'
hello_i386.s:259: Error: `addq' is only supported in 64-bit mode
hello_i386.s:263: Error: `subq' is only supported in 64-bit mode
hello_i386.s:269: Error: bad register name `%rdi)'
hello_i386.s:270: Error: bad register name `%r11)'
hello_i386.s:271: Error: `addq' is only supported in 64-bit mode
hello_i386.s:275: Error: `subq' is only supported in 64-bit mode
hello_i386.s:845: Error: `pushq' is only supported in 64-bit mode
hello_i386.s:846: Error: bad register name `%rsp'
hello_i386.s:847: Error: `subq' is only supported in 64-bit mode
hello_i386.s:848: Error: bad register name `%rdi'
hello_i386.s:849: Error: bad register name `%rcx'
hello_i386.s:850: Error: bad register name `%rsp'
hello_i386.s:851: Error: `xorq' is only supported in 64-bit mode
hello_i386.s:853: Error: `stosq' is only supported in 64-bit mode
hello_i386.s:854: Error: bad register name `%r10'
hello_i386.s:855: Error: bad register name `%r11'
hello_i386.s:856: Error: bad register name `%rbx'
hello_i386.s:857: Error: bad register name `%r12'
hello_i386.s:858: Error: bad register name `%r13'
hello_i386.s:859: Error: bad register name `%r14'
hello_i386.s:860: Error: bad register name `%r15'
hello_i386.s:861: Error: bad register name `%rdi'
hello_i386.s:862: Error: bad register name `%rbp)'
hello_i386.s:863: Error: bad register name `%rdx'
hello_i386.s:866: Error: bad register name `%rbp)'
hello_i386.s:867: Error: bad register name `%rbp)'
hello_i386.s:868: Error: bad register name `%rbp)'
hello_i386.s:869: Error: bad register name `%rbp)'
hello_i386.s:870: Error: bad register name `%rbp)'
hello_i386.s:876: Error: `pushq' is only supported in 64-bit mode
hello_i386.s:877: Error: bad register name `%rsp'
hello_i386.s:878: Error: `subq' is only supported in 64-bit mode
hello_i386.s:879: Error: bad register name `%rdi'
hello_i386.s:880: Error: bad register name `%rcx'
hello_i386.s:881: Error: bad register name `%rsp'
hello_i386.s:882: Error: `xorq' is only supported in 64-bit mode
hello_i386.s:884: Error: `stosq' is only supported in 64-bit mode
hello_i386.s:885: Error: bad register name `%r10'
hello_i386.s:886: Error: bad register name `%r11'
hello_i386.s:887: Error: bad register name `%rbx'
hello_i386.s:888: Error: bad register name `%r12'
hello_i386.s:889: Error: bad register name `%r13'
hello_i386.s:890: Error: bad register name `%r14'
hello_i386.s:891: Error: bad register name `%r15'
hello_i386.s:892: Error: bad register name `%rdi'
hello_i386.s:893: Error: bad register name `%rbp)'
hello_i386.s:894: Error: bad register name `%rdx'
hello_i386.s:897: Error: bad register name `%rbp)'
hello_i386.s:898: Error: bad register name `%rbp)'
hello_i386.s:899: Error: bad register name `%rbp)'
hello_i386.s:900: Error: bad register name `%rbp)'
hello_i386.s:901: Error: bad register name `%rbp)'
hello_i386.s:907: Error: `pushq' is only supported in 64-bit mode
hello_i386.s:908: Error: bad register name `%rsp'
hello_i386.s:909: Error: `subq' is only supported in 64-bit mode
hello_i386.s:910: Error: bad register name `%rdi'
hello_i386.s:911: Error: bad register name `%rcx'
hello_i386.s:912: Error: bad register name `%rsp'
hello_i386.s:913: Error: `xorq' is only supported in 64-bit mode
hello_i386.s:915: Error: `stosq' is only supported in 64-bit mode
hello_i386.s:916: Error: bad register name `%r10'
hello_i386.s:917: Error: bad register name `%r11'
hello_i386.s:918: Error: bad register name `%rbx'
hello_i386.s:919: Error: bad register name `%r12'
hello_i386.s:920: Error: bad register name `%r13'
hello_i386.s:921: Error: bad register name `%r14'
hello_i386.s:922: Error: bad register name `%r15'
hello_i386.s:923: Error: bad register name `%rdi'
hello_i386.s:924: Error: bad register name `%rbp)'
hello_i386.s:925: Error: bad register name `%rdx'
hello_i386.s:928: Error: bad register name `%rbp)'
hello_i386.s:929: Error: bad register name `%rbp)'
hello_i386.s:930: Error: bad register name `%rbp)'
hello_i386.s:931: Error: bad register name `%rbp)'
hello_i386.s:932: Error: bad register name `%rbp)'
hello_i386.s:938: Error: `pushq' is only supported in 64-bit mode
hello_i386.s:939: Error: bad register name `%rsp'
hello_i386.s:940: Error: `subq' is only supported in 64-bit mode
hello_i386.s:941: Error: bad register name `%rdi'
hello_i386.s:942: Error: bad register name `%rcx'
hello_i386.s:943: Error: bad register name `%rsp'
hello_i386.s:944: Error: `xorq' is only supported in 64-bit mode
hello_i386.s:946: Error: `stosq' is only supported in 64-bit mode
hello_i386.s:947: Error: bad register name `%r10'
hello_i386.s:948: Error: bad register name `%r11'
hello_i386.s:949: Error: bad register name `%rbx'
hello_i386.s:950: Error: bad register name `%r12'
hello_i386.s:951: Error: bad register name `%r13'
hello_i386.s:952: Error: bad register name `%r14'
hello_i386.s:953: Error: bad register name `%r15'
hello_i386.s:954: Error: bad register name `%rdi'
hello_i386.s:955: Error: bad register name `%rsi'
hello_i386.s:956: Error: bad register name `%rdx'
hello_i386.s:959: Error: bad register name `%rbp)'
hello_i386.s:960: Error: bad register name `%rbp)'
hello_i386.s:961: Error: bad register name `%rbp)'
hello_i386.s:962: Error: bad register name `%rbp)'
hello_i386.s:963: Error: bad register name `%rbp)'
hello_i386.s:969: Error: `pushq' is only supported in 64-bit mode
hello_i386.s:970: Error: bad register name `%rsp'
hello_i386.s:971: Error: `subq' is only supported in 64-bit mode
hello_i386.s:972: Error: bad register name `%rdi'
hello_i386.s:973: Error: bad register name `%rcx'
hello_i386.s:974: Error: bad register name `%rsp'
hello_i386.s:975: Error: `xorq' is only supported in 64-bit mode
hello_i386.s:977: Error: `stosq' is only supported in 64-bit mode
hello_i386.s:978: Error: bad register name `%r10'
hello_i386.s:979: Error: bad register name `%r11'
hello_i386.s:980: Error: bad register name `%rbx'
hello_i386.s:981: Error: bad register name `%r12'
hello_i386.s:982: Error: bad register name `%r13'
hello_i386.s:983: Error: bad register name `%r14'
hello_i386.s:984: Error: bad register name `%r15'
hello_i386.s:985: Error: bad register name `%rdi'
hello_i386.s:986: Error: bad register name `%rsi'
hello_i386.s:987: Error: bad register name `%rdx'
hello_i386.s:990: Error: bad register name `%rbp)'
hello_i386.s:991: Error: bad register name `%rbp)'
hello_i386.s:992: Error: bad register name `%rbp)'
hello_i386.s:993: Error: bad register name `%rbp)'
hello_i386.s:994: Error: bad register name `%rbp)'
hello_i386.s:1000: Error: `pushq' is only supported in 64-bit mode
hello_i386.s:1001: Error: bad register name `%rsp'
hello_i386.s:1002: Error: `subq' is only supported in 64-bit mode
hello_i386.s:1003: Error: bad register name `%rdi'
hello_i386.s:1004: Error: bad register name `%rcx'
hello_i386.s:1005: Error: bad register name `%rsp'
hello_i386.s:1006: Error: `xorq' is only supported in 64-bit mode
hello_i386.s:1008: Error: `stosq' is only supported in 64-bit mode
hello_i386.s:1009: Error: bad register name `%r10'
hello_i386.s:1010: Error: bad register name `%r11'
hello_i386.s:1011: Error: bad register name `%rbx'
hello_i386.s:1012: Error: bad register name `%r12'
hello_i386.s:1013: Error: bad register name `%r13'
hello_i386.s:1014: Error: bad register name `%r14'
hello_i386.s:1015: Error: bad register name `%r15'
hello_i386.s:1016: Error: bad register name `%rdi'
hello_i386.s:1017: Error: bad register name `%rbp)'
hello_i386.s:1019: Error: `movslq' is only supported in 64-bit mode
hello_i386.s:1023: Error: bad register name `%rbp)'
hello_i386.s:1027: Error: bad register name `%rbp)'
hello_i386.s:1028: Error: bad register name `%rbp)'
hello_i386.s:1029: Error: bad register name `%rbp)'
hello_i386.s:1032: Error: bad register name `%rbp)'
hello_i386.s:1034: Error: bad register name `%rbp)'
hello_i386.s:1035: Error: bad register name `%rbp)'
hello_i386.s:1036: Error: bad register name `%rbp)'
hello_i386.s:1037: Error: bad register name `%rbp)'
hello_i386.s:1038: Error: bad register name `%rbp)'
hello_i386.s:1039: Error: bad register name `%rbp)'
hello_i386.s:1045: Error: `pushq' is only supported in 64-bit mode
hello_i386.s:1046: Error: bad register name `%rsp'
hello_i386.s:1047: Error: `subq' is only supported in 64-bit mode
hello_i386.s:1048: Error: bad register name `%rdi'
hello_i386.s:1049: Error: bad register name `%rcx'
hello_i386.s:1050: Error: bad register name `%rsp'
hello_i386.s:1051: Error: `xorq' is only supported in 64-bit mode
hello_i386.s:1053: Error: `stosq' is only supported in 64-bit mode
hello_i386.s:1054: Error: bad register name `%r10'
hello_i386.s:1055: Error: bad register name `%r11'
hello_i386.s:1056: Error: bad register name `%rbx'
hello_i386.s:1057: Error: bad register name `%r12'
hello_i386.s:1058: Error: bad register name `%r13'
hello_i386.s:1059: Error: bad register name `%r14'
hello_i386.s:1060: Error: bad register name `%r15'
hello_i386.s:1061: Error: bad register name `%rdi'
hello_i386.s:1062: Error: bad register name `%rsi'
hello_i386.s:1064: Error: `movslq' is only supported in 64-bit mode
hello_i386.s:1068: Error: bad register name `%rbp)'
hello_i386.s:1072: Error: bad register name `%rbp)'
hello_i386.s:1073: Error: bad register name `%rbp)'
hello_i386.s:1074: Error: bad register name `%rbp)'
hello_i386.s:1077: Error: bad register name `%rbp)'
hello_i386.s:1079: Error: bad register name `%rbp)'
hello_i386.s:1080: Error: bad register name `%rbp)'
hello_i386.s:1081: Error: bad register name `%rbp)'
hello_i386.s:1082: Error: bad register name `%rbp)'
hello_i386.s:1083: Error: bad register name `%rbp)'
hello_i386.s:1084: Error: bad register name `%rbp)'
