hello_i386_nostd.s: Assembler messages:
hello_i386_nostd.s:80: Error: `pushq' is only supported in 64-bit mode
hello_i386_nostd.s:81: Error: bad register name `%rsp'
hello_i386_nostd.s:82: Error: `subq' is only supported in 64-bit mode
hello_i386_nostd.s:83: Error: bad register name `%rdi'
hello_i386_nostd.s:84: Error: bad register name `%rcx'
hello_i386_nostd.s:85: Error: bad register name `%rsp'
hello_i386_nostd.s:86: Error: `xorq' is only supported in 64-bit mode
hello_i386_nostd.s:88: Error: `stosq' is only supported in 64-bit mode
hello_i386_nostd.s:89: Error: bad register name `%r10'
hello_i386_nostd.s:90: Error: bad register name `%r11'
hello_i386_nostd.s:91: Error: bad register name `%rbx'
hello_i386_nostd.s:92: Error: bad register name `%r12'
hello_i386_nostd.s:93: Error: bad register name `%r13'
hello_i386_nostd.s:94: Error: bad register name `%r14'
hello_i386_nostd.s:95: Error: bad register name `%r15'
hello_i386_nostd.s:100: Error: `leaq' is only supported in 64-bit mode
hello_i386_nostd.s:101: Error: bad register name `%rsi'
hello_i386_nostd.s:102: Error: bad register name `%rbx'
hello_i386_nostd.s:103: Error: `xorq' is only supported in 64-bit mode
hello_i386_nostd.s:106: Error: `xorq' is only supported in 64-bit mode
hello_i386_nostd.s:109: Error: bad register name `%rbp)'
hello_i386_nostd.s:110: Error: bad register name `%rbp)'
hello_i386_nostd.s:111: Error: bad register name `%rbp)'
hello_i386_nostd.s:112: Error: bad register name `%rbp)'
hello_i386_nostd.s:113: Error: bad register name `%rbp)'
hello_i386_nostd.s:142: Error: `pushq' is only supported in 64-bit mode
hello_i386_nostd.s:143: Error: bad register name `%rsp'
hello_i386_nostd.s:144: Error: `subq' is only supported in 64-bit mode
